xxxxxxxxxxxxxxxxxxxxxxxxxxxxxxxxxxxxxxxxxxxxxxxxxxxxxxxx
xS...........xx...........SxxS...........xx...........Sx
x.xxxx.xxxxx.xx.xxxxx.xxxx.xx.xxxx.xxxxx.xx.xxxxx.xxxx.x
x.xxxx.xxxxx.xx.xxxxx.xxxx.xx.xxxx.xxxxx.xx.xxxxx.xxxx.x
x.xxxx.xxxxx.xx.xxxxx.xxxx.xx.xxxx.xxxxx.xx.xxxxx.xxxx.x
x..........................xx..........................x
x.xxxx.xx.xxxxxxxx.xx.xxxx.xx.xxxx.xx.xxxxxxxx.xx.xxxx.x
x.xxxx.xx.xxxxxxxx.xx.xxxx.xx.xxxx.xx.xxxxxxxx.xx.xxxx.x
x......xx....xx....xx......xx......xx....xx....xx......x
xxxxxx.xxxxx xx xxxxx.xxxxxxxxxxxx.xxxxx.xx.xxxxx.xxxxxx
xxxxxx.xxxxx xx xxxxx.xxxxxxxxxxxx.xxxxx.xx.xxxxx.xxxxxx
xxxxxx.xx          xx.xxxxxxxxxxxx.xx..........xx.xxxxxx
xxxxxx.xx xxx  xxx xx.xxxxxxxxxxxx.xx.xxx..xxx.xx.xxxxxx
xxxxxx.xx x     .x xx.xxxxxxxxxxxx.xx.x......x.xx.xxxxxx
.......   x      x   .................x......x..........
xxxxxx.xx xM    .x xx.xxxxxxxxxxxx.xx.x......x.xx.xxxxxx
xxxxxx.xx xxxxxxxx xx.xxxxxxxxxxxx.xx.xxxxxxxx.xx.xxxxxx
xxxxxx.xx  P       xx.xxxxxxxxxxxx.xx..........xx.xxxxxx
xxxxxx.xxxxx xx xxxxx.xxxxxxxxxxxx.xxxxx.xx.xxxxx.xxxxxx
xxxxxx.xxxxx xx xxxxx.xxxxxxxxxxxx.xxxxx.xx.xxxxx.xxxxxx
x......xx....xx....xx......xx......xx....xx....xx......x
x.xxxx.xx.xxxxxxxx.xx.xxxx.xx.xxxxxxx.xxxxxxxx.xxxxxxx.x
x.xxxx.xx.xxxxxxxx.xx.xxxx.xx.xxxxxxx.xxxxxxxx.xxxxxxx.x
x..........................xx......xx..........xx......x
x.xxxx.xxxxx.xx.xxxxx.xxxx.xxxxxxx.xxxxx.xx.xxxxx.xxxxxx
x.xxxx.xxxxx.xx.xxxxx.xxxx.xx.xxxx.xxxxx.xx.xxxxx.xxxx.x
x.xxxx.xxxxx.xx.xxxxx.xxxx.xx.xxxxxxxxxx.xx.xxxxxxxxxx.x
xS...........xx...........SxxS...........xx...........Sx
xxxxxxxxxxxxxxxxxxxxxxxxxxxxxxxxxxxxxxxxxxxxxxxxxxxxxxxx